[debug] [2026-03-10T05:26:53.988Z] ----------------------------------------------------------------------
[debug] [2026-03-10T05:26:53.990Z] Command:       D:\Install Programs\node.exe C:\Users\HP\AppData\Roaming\npm\node_modules\firebase-tools\lib\bin\firebase.js init functions
[debug] [2026-03-10T05:26:53.990Z] CLI Version:   15.9.1
[debug] [2026-03-10T05:26:53.990Z] Platform:      win32
[debug] [2026-03-10T05:26:53.990Z] Node Version:  v22.16.0
[debug] [2026-03-10T05:26:53.991Z] Time:          Tue Mar 10 2026 10:26:53 GMT+0500 (Узбекистан, стандартное время)
[debug] [2026-03-10T05:26:53.991Z] ----------------------------------------------------------------------
[debug] 
[debug] [2026-03-10T05:26:53.992Z] >>> [apiv2][query] GET https://firebase-public.firebaseio.com/cli.json [none]
[info] 
     ######## #### ########  ######## ########     ###     ######  ########
     ##        ##  ##     ## ##       ##     ##  ##   ##  ##       ##
     ######    ##  ########  ######   ########  #########  ######  ######
     ##        ##  ##    ##  ##       ##     ## ##     ##       ## ##
     ##       #### ##     ## ######## ########  ##     ##  ######  ########

You're about to initialize a Firebase project in this directory:

  D:\KotlinProjects\Tetragon

[debug] [2026-03-10T05:26:55.587Z] <<< [apiv2][status] GET https://firebase-public.firebaseio.com/cli.json 200
[debug] [2026-03-10T05:26:55.588Z] <<< [apiv2][body] GET https://firebase-public.firebaseio.com/cli.json {"cloudBuildErrorAfter":1594252800000,"cloudBuildWarnAfter":1590019200000,"defaultNode10After":1594252800000,"minVersion":"3.0.5","node8DeploysDisabledAfter":1613390400000,"node8RuntimeDisabledAfter":1615809600000,"node8WarnAfter":1600128000000}
[info] 
=== Project Setup
[info] 
[info] First, let's associate this project directory with a Firebase project.
[info] You can create multiple project aliases by running firebase use --add, 
[info] 
[debug] [2026-03-10T05:27:38.779Z] > command requires scopes: ["email","openid","https://www.googleapis.com/auth/cloudplatformprojects.readonly","https://www.googleapis.com/auth/firebase","https://www.googleapis.com/auth/cloud-platform"]
[debug] [2026-03-10T05:27:38.780Z] > authorizing via signed-in user (smakh04@bk.ru)
[debug] [2026-03-10T05:27:38.782Z] Checked if tokens are valid: false, expires at: 1750312266732
[debug] [2026-03-10T05:27:38.782Z] Checked if tokens are valid: false, expires at: 1750312266732
[debug] [2026-03-10T05:27:38.782Z] > refreshing access token with scopes: []
[debug] [2026-03-10T05:27:38.784Z] >>> [apiv2][query] POST https://www.googleapis.com/oauth2/v3/token [none]
[debug] [2026-03-10T05:27:38.784Z] >>> [apiv2][body] POST https://www.googleapis.com/oauth2/v3/token [omitted]
[debug] [2026-03-10T05:27:39.220Z] <<< [apiv2][status] POST https://www.googleapis.com/oauth2/v3/token 400
[debug] [2026-03-10T05:27:39.220Z] <<< [apiv2][body] POST https://www.googleapis.com/oauth2/v3/token [omitted]
[debug] [2026-03-10T05:27:39.221Z] >>> [apiv2][query] GET https://firebase.googleapis.com/v1beta1/projects pageSize=100
[debug] [2026-03-10T05:27:39.697Z] <<< [apiv2][status] GET https://firebase.googleapis.com/v1beta1/projects 401
[debug] [2026-03-10T05:27:39.697Z] <<< [apiv2][body] GET https://firebase.googleapis.com/v1beta1/projects [omitted]
[debug] [2026-03-10T05:27:39.697Z] Got a 401 Unauthenticated error for a call that required authentication. Refreshing tokens.
[debug] [2026-03-10T05:27:39.698Z] Checked if tokens are valid: false, expires at: 1750312266732
[debug] [2026-03-10T05:27:39.698Z] Checked if tokens are valid: false, expires at: 1750312266732
[debug] [2026-03-10T05:27:39.698Z] > refreshing access token with scopes: []
[debug] [2026-03-10T05:27:39.698Z] >>> [apiv2][query] POST https://www.googleapis.com/oauth2/v3/token [none]
[debug] [2026-03-10T05:27:39.699Z] >>> [apiv2][body] POST https://www.googleapis.com/oauth2/v3/token [omitted]
[debug] [2026-03-10T05:27:39.854Z] <<< [apiv2][status] POST https://www.googleapis.com/oauth2/v3/token 400
[debug] [2026-03-10T05:27:39.854Z] <<< [apiv2][body] POST https://www.googleapis.com/oauth2/v3/token [omitted]
[debug] [2026-03-10T05:27:39.856Z] Request to https://firebase.googleapis.com/v1beta1/projects?pageSize=100 had HTTP Error: 401, Request had invalid authentication credentials. Expected OAuth 2 access token, login cookie or other valid authentication credential. See https://developers.google.com/identity/sign-in/web/devconsole-project.
[debug] [2026-03-10T05:27:40.275Z] FirebaseError: Request to https://firebase.googleapis.com/v1beta1/projects?pageSize=100 had HTTP Error: 401, Request had invalid authentication credentials. Expected OAuth 2 access token, login cookie or other valid authentication credential. See https://developers.google.com/identity/sign-in/web/devconsole-project.
    at responseToError (C:\Users\HP\AppData\Roaming\npm\node_modules\firebase-tools\lib\responseToError.js:53:12)
    at RetryOperation._fn (C:\Users\HP\AppData\Roaming\npm\node_modules\firebase-tools\lib\apiv2.js:333:77)
    at process.processTicksAndRejections (node:internal/process/task_queues:105:5)
[error] 
[error] Error: Failed to list Firebase projects. See firebase-debug.log for more info.
